---
source: src/tests.rs
info:
  program: script-exec
  args:
    - "--style=prometheus"
    - "--label=foo:bar"
    - success command=./examples/success.sh
---
success: true
exit_code: 0
----- stdout -----
nixos_healthcheck_status { "check"="success command", "status"="success", "foo"="bar" }  1
nixos_healthcheck_duration_seconds{ "check"="success command", "status"="success", "foo"="bar" } <SECONDS>

----- stderr -----
